Is Player1 a human (h) or a computer (c)?
>Is Player2 a human (h) or a computer (c)?
>Is Player3 a human (h) or a computer (c)?
>Is Player4 a human (h) or a computer (c)?
>A new round begins. It's Player4's turn to play.
Player4 plays 7S.
Player1 plays 7C.
Player2 plays 7D.
Player3 plays 6C.
Player4 plays 6D.
Player1 plays 5C.
Player2 plays 4C.
Player3 discards QS.
Player4 plays 8S.
Player1 plays 8D.
Player2 plays 8C.
Player3 plays 9D.
Player4 plays 9C.
Player1 plays TD.
Player2 plays 7H.
Player3 plays JD.
Player4 plays 5D.
Player1 plays 8H.
Player2 plays 6H.
Player3 plays 9S.
Player4 plays TS.
Player1 plays 9H.
Player2 plays 5H.
Player3 plays 4H.
Player4 plays 4D.
Player1 plays 3H.
Player2 plays JS.
Player3 plays TC.
Player4 plays 2H.
Player1 plays TH.
Player2 plays JH.
Player3 plays AH.
Player4 plays 6S.
Player1 plays QH.
Player2 plays JC.
Player3 plays 3D.
Player4 plays QC.
Player1 plays KH.
Player2 plays QD.
Player3 plays KC.
Player4 plays 5S.
Player1 plays 2D.
Player2 plays KD.
Player3 plays 4S.
Player4 plays AD.
Player1 plays 3S.
Player2 plays 2S.
Player3 discards AC.
Player4 discards KS.
Player1 plays 3C.
Player2 plays AS.
Player3 plays 2C.
Player1's discards:
Player1's score: 0 + 0 = 0
Player2's discards:
Player2's score: 0 + 0 = 0
Player3's discards: QS AC
Player3's score: 0 + 13 = 13
Player4's discards: KS
Player4's score: 0 + 13 = 13
A new round begins. It's Player3's turn to play.
Player3 plays 7S.
Player4 discards QH.
Player1 plays 8S.
Player2 plays 9S.
Player3 discards AH.
Player4 plays TS.
Player1 plays 7D.
Player2 plays 7C.
Player3 plays JS.
Player4 discards 3H.
Player1 plays 8C.
Player2 plays 6C.
Player3 plays 9C.
Player4 discards 4S.
Player1 plays TC.
Player2 plays 5C.
Player3 plays JC.
Player4 discards 3S.
Player1 plays QS.
Player2 plays 7H.
Player3 plays 8H.
Player4 plays 9H.
Player1 plays 6H.
Player2 plays 4C.
Player3 plays QC.
Player4 plays TH.
Player1 plays JH.
Player2 plays 6S.
Player3 plays KC.
Player4 plays 5H.
Player1 plays 3C.
Player2 plays 5S.
Player3 plays 4H.
Player4 plays 2C.
Player1 plays 8D.
Player2 plays 6D.
Player3 plays AC.
Player4 plays 5D.
Player1 plays 9D.
Player2 plays TD.
Player3 discards 2S.
Player4 discards 2H.
Player1 plays KS.
Player2 plays 4D.
Player3 discards AD.
Player4 discards QD.
Player1 plays 3D.
Player2 plays JD.
Player3 discards KD.
Player4 discards AS.
Player1 plays 2D.
Player2 discards KH.
Player1's discards:
Player1's score: 0 + 0 = 0
Player2's discards: KH
Player2's score: 0 + 13 = 13
Player3's discards: AH 2S AD KD
Player3's score: 13 + 17 = 30
Player4's discards: QH 3H 4S 3S 2H QD AS
Player4's score: 13 + 37 = 50
A new round begins. It's Player3's turn to play.
Player3 plays 7S.
Player4 plays 7C.
Player1 plays 6C.
Player2 plays 8C.
Player3 plays 8S.
Player4 plays 5C.
Player1 plays 7H.
Player2 plays 9C.
Player3 plays 8H.
Player4 plays 6H.
Player1 discards 9D.
Player2 plays 5H.
Player3 plays 9H.
Player4 discards 2C.
Player1 plays TH.
Player2 plays 6S.
Player3 plays 5S.
Player4 plays JH.
Player1 discards 5D.
Player2 plays 4S.
Player3 plays 4H.
Player4 plays QH.
Player1 plays 3H.
Player2 plays TC.
Player3 plays 7D.
Player4 plays 3S.
Player1 discards QS.
Player2 plays 6D.
Player3 plays 8D.
Player4 plays JC.
Player1 discards 2D.
Player2 plays QC.
Player3 plays 2S.
Player4 plays KH.
Player1 plays AS.
Player2 plays KC.
Player3 plays 4C.
Player4 plays 3C.
Player1 discards AC.
Player2 discards AH.
Player3 plays 9S.
Player4 plays TS.
Player1 discards JD.
Player2 discards 3D.
Player3 plays 2H.
Player4 plays JS.
Player1 discards AD.
Player2 discards KD.
Player3 discards KS.
Player4 discards TD.
Player1 discards 4D.
Player2 discards QD.
Player1's discards: 9D 5D QS 2D AC JD AD 4D
Player1's score: 0 + 45 = 45
Player2's discards: AH 3D KD QD
Player2's score: 13 + 29 = 42
Player3's discards: KS
Player3's score: 30 + 13 = 43
Player4's discards: 2C TD
Player4's score: 50 + 12 = 62
A new round begins. It's Player4's turn to play.
Player4 plays 7S.
Player1 plays 7C.
Player2 plays 8C.
Player3 plays 7H.
Player4 plays 6C.
Player1 plays 5C.
Player2 plays 4C.
Player3 plays 6S.
Player4 plays 8H.
Player1 plays 5S.
Player2 plays 6H.
Player3 plays 4S.
Player4 plays 7D.
Player1 plays 8D.
Player2 discards KC.
Player3 plays 5H.
Player4 plays 6D.
Player1 plays 5D.
Player2 discards JC.
Player3 plays 4H.
Player4 plays 3S.
Player1 plays 3H.
Player2 discards AS.
Player3 plays 9C.
Player4 plays 2H.
Player1 plays 9H.
Player2 discards QH.
Player3 plays 2S.
Player4 plays TH.
Player1 plays JH.
Player2 discards 2D.
Player3 plays TC.
Player4 plays 9D.
Player1 plays TD.
Player2 discards KS.
Player3 plays 8S.
Player4 plays 9S.
Player1 plays JD.
Player2 plays TS.
Player3 plays 3C.
Player4 plays AH.
Player1 plays JS.
Player2 plays QD.
Player3 plays 2C.
Player4 plays QS.
Player1 discards KH.
Player2 plays KD.
Player3 plays 4D.
Player4 discards AD.
Player1 plays 3D.
Player2 plays AC.
Player3 discards QC.
Player1's discards: KH
Player1's score: 45 + 13 = 58
Player2's discards: KC JC AS QH 2D KS
Player2's score: 42 + 52 = 94
Player3's discards: QC
Player3's score: 43 + 12 = 55
Player4's discards: AD
Player4's score: 62 + 1 = 63
Player3 wins!
