Is Player1 a human (h) or a computer (c)?
>Is Player2 a human (h) or a computer (c)?
>Is Player3 a human (h) or a computer (c)?
>Is Player4 a human (h) or a computer (c)?
>A new round begins. It's Player4's turn to play.
Player4 plays 7S.
Cards on the table:
Clubs:
Diamonds:
Hearts:
Spades: 7
Your hand: 9H 3H KH 7C 3S 8H 5C QH 8D TH 2D TD 3C
Legal plays: 7C
>9H 3H KH 7C 3S 8H 5C QH 8D TH 2D TD 3C
6H JH 7D 5H 2S 4C JC KD 8C 7H JS AS QD
QS KC 9D 4S 4H 6C JD AC AH 9S 2C TC 3D
AD 6D TS 9C 8S 2H KS 4D 5D QC 7S 6S 5S
>